******************************************************************************
                  MSP430 Linker PC v4.1.5                      
******************************************************************************
>> Linked Wed Jul 31 02:49:41 2013

OUTPUT FILE NAME:   <Z_Final_Project_Game.out>
ENTRY POINT SYMBOL: "_c_int00"  address: 0000cbca


MEMORY CONFIGURATION

         name            origin    length      used     unused   attr    fill
----------------------  --------  ---------  --------  --------  ----  --------
  SFR                   00000000   00000010  00000000  00000010  RWIX
  PERIPHERALS_8BIT      00000010   000000f0  00000000  000000f0  RWIX
  PERIPHERALS_16BIT     00000100   00000100  00000000  00000100  RWIX
  RAM                   00000200   00000200  0000005a  000001a6  RWIX
  INFOD                 00001000   00000040  00000000  00000040  RWIX
  INFOC                 00001040   00000040  00000000  00000040  RWIX
  INFOB                 00001080   00000040  00000000  00000040  RWIX
  INFOA                 000010c0   00000040  00000000  00000040  RWIX
  FLASH                 0000c000   00003fe0  00000cc6  0000331a  RWIX
  INT00                 0000ffe0   00000002  00000000  00000002  RWIX
  INT01                 0000ffe2   00000002  00000000  00000002  RWIX
  INT02                 0000ffe4   00000002  00000000  00000002  RWIX
  INT03                 0000ffe6   00000002  00000000  00000002  RWIX
  INT04                 0000ffe8   00000002  00000000  00000002  RWIX
  INT05                 0000ffea   00000002  00000000  00000002  RWIX
  INT06                 0000ffec   00000002  00000000  00000002  RWIX
  INT07                 0000ffee   00000002  00000000  00000002  RWIX
  INT08                 0000fff0   00000002  00000000  00000002  RWIX
  INT09                 0000fff2   00000002  00000000  00000002  RWIX
  INT10                 0000fff4   00000002  00000002  00000000  RWIX
  INT11                 0000fff6   00000002  00000000  00000002  RWIX
  INT12                 0000fff8   00000002  00000000  00000002  RWIX
  INT13                 0000fffa   00000002  00000000  00000002  RWIX
  INT14                 0000fffc   00000002  00000000  00000002  RWIX
  RESET                 0000fffe   00000002  00000002  00000000  RWIX


SECTION ALLOCATION MAP

 output                                  attributes/
section   page    origin      length       input sections
--------  ----  ----------  ----------   ----------------
.init_array 
*          0    0000c000    00000000     UNINITIALIZED

.data      0    00000200    0000000a     
                  00000200    00000004     rts430_eabi.lib : _lock.obj (.data)
                  00000204    00000004                     : rand.obj (.data)
                  00000208    00000002     melody.obj (.data)

.TI.persistent 
*          0    00000200    00000000     UNINITIALIZED

.stack     0    000003b0    00000050     UNINITIALIZED
                  000003b0    00000002     rts430_eabi.lib : boot.obj (.stack)
                  000003b2    0000004e     --HOLE--

.text      0    0000c000    00000c5c     
                  0000c000    000006d6     play_game_2.obj (.text:main)
                  0000c6d6    0000013a     melody.obj (.text:watchdog_timer)
                  0000c810    0000008a     lcdLib.obj (.text:lcdInit)
                  0000c89a    00000086     adcMsp.obj (.text:adc_measure)
                  0000c920    0000005e     rts430_eabi.lib : copy_decompress_rle.obj (.text:__TI_decompress_rle_core)
                  0000c97e    0000005e                     : autoinit.obj (.text:_auto_init)
                  0000c9dc    0000004e     lcdLib.obj (.text:lcdSetText)
                  0000ca2a    00000046     lcdLib.obj (.text:lcdWriteCmd)
                  0000ca70    00000046     lcdLib.obj (.text:lcdWriteData)
                  0000cab6    00000038     rts430_eabi.lib : rand.obj (.text:rand)
                  0000caee    00000032     melody.obj (.text:melody)
                  0000cb20    0000002c     rts430_eabi.lib : asr16.obj (.text)
                  0000cb4c    0000002c                     : div16s.obj (.text)
                  0000cb78    0000002c                     : lsl16.obj (.text)
                  0000cba4    00000026                     : mult32.obj (.text)
                  0000cbca    0000001a                     : boot.obj (.text:_c_int00_noexit)
                  0000cbe4    00000016                     : div16u.obj (.text)
                  0000cbfa    00000012                     : copy_decompress_none.obj (.text:decompress:none:__TI_decompress_none)
                  0000cc0c    00000012                     : memcpy.obj (.text:memcpy)
                  0000cc1e    00000010                     : epilog.obj (.text)
                  0000cc2e    0000000e     lcdLib.obj (.text:lcdTriggerEN)
                  0000cc3c    00000008     adcMsp.obj (.text:adc_init)
                  0000cc44    00000008     lcdLib.obj (.text:lcdClear)
                  0000cc4c    00000006     rts430_eabi.lib : copy_decompress_rle.obj (.text:decompress:rle24:__TI_decompress_rle24)
                  0000cc52    00000004                     : pre_init.obj (.text:_system_pre_init)
                  0000cc56    00000004                     : exit.obj (.text:abort)
                  0000cc5a    00000002                     : _lock.obj (.text:_nop)

.const     0    0000cc5c    00000054     
                  0000cc5c    00000054     play_game_2.obj (.const:.string)

.cinit     0    0000ccb0    00000016     
                  0000ccb0    0000000e     (.cinit..data.load) [load image]
                  0000ccbe    00000004     (__TI_handler_table)
                  0000ccc2    00000004     (__TI_cinit_table)

WDT        0    0000fff4    00000002     
                  0000fff4    00000002     melody.obj (.int10)

.reset     0    0000fffe    00000002     
                  0000fffe    00000002     rts430_eabi.lib : boot.obj (.reset)


LINKER GENERATED COPY TABLES

__TI_cinit_table @ 0000ccc2 records: 1, size/record: 4, table size: 4
	.data: load addr=0000ccb0, load size=0000000e bytes, run addr=00000200, run size=0000000a bytes, compression=copy


LINKER GENERATED HANDLER TABLE

__TI_handler_table @ 0000ccbe records: 2, size/record: 2, table size: 4
	index: 0, handler: __TI_decompress_rle24
	index: 1, handler: __TI_decompress_none


GLOBAL SYMBOLS: SORTED ALPHABETICALLY BY Name 

address    name
--------   ----
0000004a   ADC10AE0
000001b0   ADC10CTL0
000001b2   ADC10CTL1
00000048   ADC10DTC0
00000049   ADC10DTC1
000001b4   ADC10MEM
000001bc   ADC10SA
00000057   BCSCTL1
00000058   BCSCTL2
00000053   BCSCTL3
0000cc56   C$$EXIT
00000059   CACTL1
0000005a   CACTL2
000010fb   CALBC1_12MHZ
000010f9   CALBC1_16MHZ
000010ff   CALBC1_1MHZ
000010fd   CALBC1_8MHZ
000010fa   CALDCO_12MHZ
000010f8   CALDCO_16MHZ
000010fe   CALDCO_1MHZ
000010fc   CALDCO_8MHZ
0000005b   CAPD
00000056   DCOCTL
00000128   FCTL1
0000012a   FCTL2
0000012c   FCTL3
00000000   IE1
00000001   IE2
00000002   IFG1
00000003   IFG2
00000022   P1DIR
00000025   P1IE
00000024   P1IES
00000023   P1IFG
00000020   P1IN
00000021   P1OUT
00000027   P1REN
00000026   P1SEL
00000041   P1SEL2
0000002a   P2DIR
0000002d   P2IE
0000002c   P2IES
0000002b   P2IFG
00000028   P2IN
00000029   P2OUT
0000002f   P2REN
0000002e   P2SEL
00000042   P2SEL2
0000001a   P3DIR
00000018   P3IN
00000019   P3OUT
00000010   P3REN
0000001b   P3SEL
00000043   P3SEL2
00000172   TA0CCR0
00000174   TA0CCR1
00000176   TA0CCR2
00000162   TA0CCTL0
00000164   TA0CCTL1
00000166   TA0CCTL2
00000160   TA0CTL
0000012e   TA0IV
00000170   TA0R
00000192   TA1CCR0
00000194   TA1CCR1
00000196   TA1CCR2
00000182   TA1CCTL0
00000184   TA1CCTL1
00000186   TA1CCTL2
00000180   TA1CTL
0000011e   TA1IV
00000190   TA1R
0000005d   UCA0ABCTL
00000062   UCA0BR0
00000063   UCA0BR1
00000060   UCA0CTL0
00000061   UCA0CTL1
0000005f   UCA0IRRCTL
0000005e   UCA0IRTCTL
00000064   UCA0MCTL
00000066   UCA0RXBUF
00000065   UCA0STAT
00000067   UCA0TXBUF
0000006a   UCB0BR0
0000006b   UCB0BR1
00000068   UCB0CTL0
00000069   UCB0CTL1
0000006c   UCB0I2CIE
00000118   UCB0I2COA
0000011a   UCB0I2CSA
0000006e   UCB0RXBUF
0000006d   UCB0STAT
0000006f   UCB0TXBUF
00000120   WDTCTL
00000400   __STACK_END
00000050   __STACK_SIZE
0000ccc2   __TI_CINIT_Base
0000ccc6   __TI_CINIT_Limit
0000ccbe   __TI_Handler_Table_Base
0000ccc2   __TI_Handler_Table_Limit
UNDEFED    __TI_INITARRAY_Base
UNDEFED    __TI_INITARRAY_Limit
00000001   __TI_args_main
0000cbfa   __TI_decompress_none
0000cc4c   __TI_decompress_rle24
00000001   __TI_exit
ffffffff   __binit__
ffffffff   __c_args__
0000cb4c   __mspabi_divi
0000cbe4   __mspabi_divu
0000cc2a   __mspabi_func_epilog_1
0000cc28   __mspabi_func_epilog_2
0000cc26   __mspabi_func_epilog_3
0000cc24   __mspabi_func_epilog_4
0000cc22   __mspabi_func_epilog_5
0000cc20   __mspabi_func_epilog_6
0000cc1e   __mspabi_func_epilog_7
0000cba4   __mspabi_mpyl
0000cb4c   __mspabi_remi
0000cbe4   __mspabi_remu
0000cb78   __mspabi_slli
0000cba0   __mspabi_slli_1
0000cb8e   __mspabi_slli_10
0000cb8c   __mspabi_slli_11
0000cb8a   __mspabi_slli_12
0000cb88   __mspabi_slli_13
0000cb86   __mspabi_slli_14
0000cb84   __mspabi_slli_15
0000cb9e   __mspabi_slli_2
0000cb9c   __mspabi_slli_3
0000cb9a   __mspabi_slli_4
0000cb98   __mspabi_slli_5
0000cb96   __mspabi_slli_6
0000cb94   __mspabi_slli_7
0000cb92   __mspabi_slli_8
0000cb90   __mspabi_slli_9
0000cb20   __mspabi_srai
0000cb48   __mspabi_srai_1
0000cb36   __mspabi_srai_10
0000cb34   __mspabi_srai_11
0000cb32   __mspabi_srai_12
0000cb30   __mspabi_srai_13
0000cb2e   __mspabi_srai_14
0000cb2c   __mspabi_srai_15
0000cb46   __mspabi_srai_2
0000cb44   __mspabi_srai_3
0000cb42   __mspabi_srai_4
0000cb40   __mspabi_srai_5
0000cb3e   __mspabi_srai_6
0000cb3c   __mspabi_srai_7
0000cb3a   __mspabi_srai_8
0000cb38   __mspabi_srai_9
0000c97e   _auto_init
0000cbca   _c_int00
0000cbca   _c_int00_noexit
00000200   _lock
0000cc5a   _nop
0000fffe   _reset_vector
000003b0   _stack
0000cc52   _system_pre_init
00000202   _unlock
0000cc56   abort
0000cc3c   adc_init
0000c89a   adc_measure
ffffffff   binit
00000208   increment
0000cc44   lcdClear
0000c810   lcdInit
0000c9dc   lcdSetText
0000cc2e   lcdTriggerEN
0000ca2a   lcdWriteCmd
0000ca70   lcdWriteData
0000c000   main
0000caee   melody
0000cc0c   memcpy
0000cab6   rand
0000c6d6   watchdog_timer


GLOBAL SYMBOLS: SORTED BY Symbol Address 

address    name
--------   ----
00000000   IE1
00000001   IE2
00000001   __TI_args_main
00000001   __TI_exit
00000002   IFG1
00000003   IFG2
00000010   P3REN
00000018   P3IN
00000019   P3OUT
0000001a   P3DIR
0000001b   P3SEL
00000020   P1IN
00000021   P1OUT
00000022   P1DIR
00000023   P1IFG
00000024   P1IES
00000025   P1IE
00000026   P1SEL
00000027   P1REN
00000028   P2IN
00000029   P2OUT
0000002a   P2DIR
0000002b   P2IFG
0000002c   P2IES
0000002d   P2IE
0000002e   P2SEL
0000002f   P2REN
00000041   P1SEL2
00000042   P2SEL2
00000043   P3SEL2
00000048   ADC10DTC0
00000049   ADC10DTC1
0000004a   ADC10AE0
00000050   __STACK_SIZE
00000053   BCSCTL3
00000056   DCOCTL
00000057   BCSCTL1
00000058   BCSCTL2
00000059   CACTL1
0000005a   CACTL2
0000005b   CAPD
0000005d   UCA0ABCTL
0000005e   UCA0IRTCTL
0000005f   UCA0IRRCTL
00000060   UCA0CTL0
00000061   UCA0CTL1
00000062   UCA0BR0
00000063   UCA0BR1
00000064   UCA0MCTL
00000065   UCA0STAT
00000066   UCA0RXBUF
00000067   UCA0TXBUF
00000068   UCB0CTL0
00000069   UCB0CTL1
0000006a   UCB0BR0
0000006b   UCB0BR1
0000006c   UCB0I2CIE
0000006d   UCB0STAT
0000006e   UCB0RXBUF
0000006f   UCB0TXBUF
00000118   UCB0I2COA
0000011a   UCB0I2CSA
0000011e   TA1IV
00000120   WDTCTL
00000128   FCTL1
0000012a   FCTL2
0000012c   FCTL3
0000012e   TA0IV
00000160   TA0CTL
00000162   TA0CCTL0
00000164   TA0CCTL1
00000166   TA0CCTL2
00000170   TA0R
00000172   TA0CCR0
00000174   TA0CCR1
00000176   TA0CCR2
00000180   TA1CTL
00000182   TA1CCTL0
00000184   TA1CCTL1
00000186   TA1CCTL2
00000190   TA1R
00000192   TA1CCR0
00000194   TA1CCR1
00000196   TA1CCR2
000001b0   ADC10CTL0
000001b2   ADC10CTL1
000001b4   ADC10MEM
000001bc   ADC10SA
00000200   _lock
00000202   _unlock
00000208   increment
000003b0   _stack
00000400   __STACK_END
000010f8   CALDCO_16MHZ
000010f9   CALBC1_16MHZ
000010fa   CALDCO_12MHZ
000010fb   CALBC1_12MHZ
000010fc   CALDCO_8MHZ
000010fd   CALBC1_8MHZ
000010fe   CALDCO_1MHZ
000010ff   CALBC1_1MHZ
0000c000   main
0000c6d6   watchdog_timer
0000c810   lcdInit
0000c89a   adc_measure
0000c97e   _auto_init
0000c9dc   lcdSetText
0000ca2a   lcdWriteCmd
0000ca70   lcdWriteData
0000cab6   rand
0000caee   melody
0000cb20   __mspabi_srai
0000cb2c   __mspabi_srai_15
0000cb2e   __mspabi_srai_14
0000cb30   __mspabi_srai_13
0000cb32   __mspabi_srai_12
0000cb34   __mspabi_srai_11
0000cb36   __mspabi_srai_10
0000cb38   __mspabi_srai_9
0000cb3a   __mspabi_srai_8
0000cb3c   __mspabi_srai_7
0000cb3e   __mspabi_srai_6
0000cb40   __mspabi_srai_5
0000cb42   __mspabi_srai_4
0000cb44   __mspabi_srai_3
0000cb46   __mspabi_srai_2
0000cb48   __mspabi_srai_1
0000cb4c   __mspabi_divi
0000cb4c   __mspabi_remi
0000cb78   __mspabi_slli
0000cb84   __mspabi_slli_15
0000cb86   __mspabi_slli_14
0000cb88   __mspabi_slli_13
0000cb8a   __mspabi_slli_12
0000cb8c   __mspabi_slli_11
0000cb8e   __mspabi_slli_10
0000cb90   __mspabi_slli_9
0000cb92   __mspabi_slli_8
0000cb94   __mspabi_slli_7
0000cb96   __mspabi_slli_6
0000cb98   __mspabi_slli_5
0000cb9a   __mspabi_slli_4
0000cb9c   __mspabi_slli_3
0000cb9e   __mspabi_slli_2
0000cba0   __mspabi_slli_1
0000cba4   __mspabi_mpyl
0000cbca   _c_int00
0000cbca   _c_int00_noexit
0000cbe4   __mspabi_divu
0000cbe4   __mspabi_remu
0000cbfa   __TI_decompress_none
0000cc0c   memcpy
0000cc1e   __mspabi_func_epilog_7
0000cc20   __mspabi_func_epilog_6
0000cc22   __mspabi_func_epilog_5
0000cc24   __mspabi_func_epilog_4
0000cc26   __mspabi_func_epilog_3
0000cc28   __mspabi_func_epilog_2
0000cc2a   __mspabi_func_epilog_1
0000cc2e   lcdTriggerEN
0000cc3c   adc_init
0000cc44   lcdClear
0000cc4c   __TI_decompress_rle24
0000cc52   _system_pre_init
0000cc56   C$$EXIT
0000cc56   abort
0000cc5a   _nop
0000ccbe   __TI_Handler_Table_Base
0000ccc2   __TI_CINIT_Base
0000ccc2   __TI_Handler_Table_Limit
0000ccc6   __TI_CINIT_Limit
0000fffe   _reset_vector
ffffffff   __binit__
ffffffff   __c_args__
ffffffff   binit
UNDEFED    __TI_INITARRAY_Base
UNDEFED    __TI_INITARRAY_Limit

[177 symbols]
